# ****Git Basics Exercise****

Now that you have learned the basics of Git workflow, try running through this a couple of times on your own:

### Steps

1. Create a folder called ***learn_git_again***.
2. ***cd*** into the ***learn_git_again*** folder.
3. Create a file called ***third.txt***.
4. Initialize an empty git repository.
5. Add ***third.txt*** to the staging area.
6. Commit with the message “adding third.txt”.
7. Check out your commit with ***git log***.
8. Create another file called ***fourth.txt***.
9. Add ***fourth.txt*** to the staging area.
10. Commit with the message “adding fourth.txt”
11. Remove the ***third.txt*** file
12. Add this change to the staging area
13. Commit with the message “removing third.txt”
14. Check out your commits using ***git log***
15. Change your global setting to ***core.pager=cat*** - you can read more about that in the link:([https://git-scm.com/book/en/v2/Customizing-Git-Git-Configuration](https://git-scm.com/book/en/v2/Customizing-Git-Git-Configuration)).
16. Write the command to list all of the global configurations for ***git*** on your machine. You can type **git config --global** to find out how to do this

Last login: Wed Apr 19 09:47:39 on ttys000
arieltaveras@Ariels-MBP ~ % man rm             
arieltaveras@Ariels-MBP ~ % clear





















arieltaveras@Ariels-MBP ~ % git --version
git version 2.37.1 (Apple Git-137.1)
arieltaveras@Ariels-MBP ~ % git init
Initialized empty Git repository in /Users/arieltaveras/.git/
arieltaveras@Ariels-MBP ~ % rm -rf .git
arieltaveras@Ariels-MBP ~ % ls -a
.				.nuget
..				.templateengine
.CFUserTextEncoding		.vscode
.DS_Store			.zprofile
.IdentityService		.zsh_history
.Trash				.zsh_sessions
.android			Desktop
.aspnet				Documents
.config				Downloads
.cups				Library
.dotnet				Movies
.lesshst			Music
.local				Pictures
.mono				Projects
.ms_eclipsetemurinjdk_config	Public
.ms_openjdk_config		stupid.pdf
.ndi
arieltaveras@Ariels-MBP ~ % git init   
Initialized empty Git repository in /Users/arieltaveras/.git/
arieltaveras@Ariels-MBP ~ % ls -a   
.				.ndi
..				.nuget
.CFUserTextEncoding		.templateengine
.DS_Store			.vscode
.IdentityService		.zprofile
.Trash				.zsh_history
.android			.zsh_sessions
.aspnet				Desktop
.config				Documents
.cups				Downloads
.dotnet				Library
.git				Movies
.lesshst			Music
.local				Pictures
.mono				Projects
.ms_eclipsetemurinjdk_config	Public
.ms_openjdk_config		stupid.pdf
arieltaveras@Ariels-MBP ~ % rm -rf .git
arieltaveras@Ariels-MBP ~ % pwd
/Users/arieltaveras
arieltaveras@Ariels-MBP ~ % git --version
git version 2.37.1 (Apple Git-137.1)
arieltaveras@Ariels-MBP ~ % clear

arieltaveras@Ariels-MBP ~ % git          
usage: git [-v | --version] [-h | --help] [-C <path>] [-c <name>=<value>]
           [--exec-path[=<path>]] [--html-path] [--man-path] [--info-path]
           [-p | --paginate | -P | --no-pager] [--no-replace-objects] [--bare]
           [--git-dir=<path>] [--work-tree=<path>] [--namespace=<name>]
           [--super-prefix=<path>] [--config-env=<name>=<envvar>]
           <command> [<args>]

These are common Git commands used in various situations:

start a working area (see also: git help tutorial)
   clone     Clone a repository into a new directory
   init      Create an empty Git repository or reinitialize an existing one

work on the current change (see also: git help everyday)
   add       Add file contents to the index
   mv        Move or rename a file, a directory, or a symlink
   restore   Restore working tree files
   rm        Remove files from the working tree and from the index

examine the history and state (see also: git help revisions)
   bisect    Use binary search to find the commit that introduced a bug
   diff      Show changes between commits, commit and working tree, etc
   grep      Print lines matching a pattern
   log       Show commit logs
   show      Show various types of objects
   status    Show the working tree status

grow, mark and tweak your common history
   branch    List, create, or delete branches
   commit    Record changes to the repository
   merge     Join two or more development histories together
   rebase    Reapply commits on top of another base tip
   reset     Reset current HEAD to the specified state
   switch    Switch branches
   tag       Create, list, delete or verify a tag object signed with GPG

collaborate (see also: git help workflows)
   fetch     Download objects and refs from another repository
   pull      Fetch from and integrate with another repository or a local branch
   push      Update remote refs along with associated objects

'git help -a' and 'git help -g' list available subcommands and some
concept guides. See 'git help <command>' or 'git help <concept>'
to read about a specific subcommand or concept.
See 'git help git' for an overview of the system.
arieltaveras@Ariels-MBP ~ % clear

arieltaveras@Ariels-MBP ~ % git status
fatal: not a git repository (or any of the parent directories): .git
arieltaveras@Ariels-MBP ~ % ls
Desktop		Downloads	Movies		Pictures	Public
Documents	Library		Music		Projects	stupid.pdf
arieltaveras@Ariels-MBP ~ % cd Desktop
arieltaveras@Ariels-MBP Desktop % ls
Animals					coding guides
Ariel Taveras Resume.docx		css-box-model
Assessment 1 Meme Generator		css-box-model-demo
CSS Mocks exercise.pdf			css-box-model-solution
Conditional Logic.pdf			css-display-positioning-demo
Cookies in JavaScript			css-intro
JavaScript				css-intro-demo
New Jersey 1099-G Inquiry 2020.pdf	css-mocks
New Jersey 1099-G Inquiry 2021.pdf	css-selectors-specificity-demo
Section I Software Development		html-intro-demo
TSA Screenshots				html-tables-forms-demo
Test .logicx
arieltaveras@Ariels-MBP Desktop % mkdir GitDemo
arieltaveras@Ariels-MBP Desktop % ls
Animals					Test .logicx
Ariel Taveras Resume.docx		coding guides
Assessment 1 Meme Generator		css-box-model
CSS Mocks exercise.pdf			css-box-model-demo
Conditional Logic.pdf			css-box-model-solution
Cookies in JavaScript			css-display-positioning-demo
GitDemo					css-intro
JavaScript				css-intro-demo
New Jersey 1099-G Inquiry 2020.pdf	css-mocks
New Jersey 1099-G Inquiry 2021.pdf	css-selectors-specificity-demo
Section I Software Development		html-intro-demo
TSA Screenshots				html-tables-forms-demo
arieltaveras@Ariels-MBP Desktop % cd GitDemo
arieltaveras@Ariels-MBP GitDemo % ls
arieltaveras@Ariels-MBP GitDemo % mkdir ColorChangingText
arieltaveras@Ariels-MBP GitDemo % cd ColorChangingText
arieltaveras@Ariels-MBP ColorChangingText % ls
arieltaveras@Ariels-MBP ColorChangingText % cd .. 
arieltaveras@Ariels-MBP GitDemo % ls
ColorChangingText
arieltaveras@Ariels-MBP GitDemo % git status
fatal: not a git repository (or any of the parent directories): .git
arieltaveras@Ariels-MBP GitDemo % cd ColorChangingText
arieltaveras@Ariels-MBP ColorChangingText % git status
fatal: not a git repository (or any of the parent directories): .git
arieltaveras@Ariels-MBP ColorChangingText % pwd
/Users/arieltaveras/Desktop/GitDemo/ColorChangingText
arieltaveras@Ariels-MBP ColorChangingText % git status
fatal: not a git repository (or any of the parent directories): .git
arieltaveras@Ariels-MBP ColorChangingText % ls
arieltaveras@Ariels-MBP ColorChangingText % git init
Initialized empty Git repository in /Users/arieltaveras/Desktop/GitDemo/ColorChangingText/.git/
arieltaveras@Ariels-MBP ColorChangingText % ls
arieltaveras@Ariels-MBP ColorChangingText % ls -a 
.	..	.git
arieltaveras@Ariels-MBP ColorChangingText % git status
On branch main

No commits yet

nothing to commit (create/copy files and use "git add" to track)
arieltaveras@Ariels-MBP ColorChangingText % ls
arieltaveras@Ariels-MBP ColorChangingText % cd ..
arieltaveras@Ariels-MBP GitDemo % git status
fatal: not a git repository (or any of the parent directories): .git
arieltaveras@Ariels-MBP GitDemo % ls -a
.			..			ColorChangingText
arieltaveras@Ariels-MBP GitDemo % cd ColorChangingText
arieltaveras@Ariels-MBP ColorChangingText % git status
On branch main

No commits yet

nothing to commit (create/copy files and use "git add" to track)
arieltaveras@Ariels-MBP ColorChangingText % ls
arieltaveras@Ariels-MBP ColorChangingText % ls -a
.	..	.git
arieltaveras@Ariels-MBP ColorChangingText % rm -rf .git
arieltaveras@Ariels-MBP ColorChangingText % ls -a
.	..
arieltaveras@Ariels-MBP ColorChangingText % cleat
zsh: command not found: cleat
arieltaveras@Ariels-MBP ColorChangingText % clear

arieltaveras@Ariels-MBP ColorChangingText % git status
fatal: not a git repository (or any of the parent directories): .git
arieltaveras@Ariels-MBP ColorChangingText % git init
Initialized empty Git repository in /Users/arieltaveras/Desktop/GitDemo/ColorChangingText/.git/
arieltaveras@Ariels-MBP ColorChangingText % ls
arieltaveras@Ariels-MBP ColorChangingText % git status
On branch main

No commits yet

nothing to commit (create/copy files and use "git add" to track)
arieltaveras@Ariels-MBP ColorChangingText % touch index.html
arieltaveras@Ariels-MBP ColorChangingText % git status
On branch main

No commits yet

Untracked files:
  (use "git add <file>..." to include in what will be committed)
	index.html

nothing added to commit but untracked files present (use "git add" to track)
arieltaveras@Ariels-MBP ColorChangingText % git add index.html
arieltaveras@Ariels-MBP ColorChangingText % git status
On branch main

No commits yet

Changes to be committed:
  (use "git rm --cached <file>..." to unstage)
	new file:   index.html

arieltaveras@Ariels-MBP ColorChangingText % git commit -m "create index.html"
[main (root-commit) e2b226b] create index.html
 Committer: Ariel Taveras <arieltaveras@ariels-mbp.mynetworksettings.com>
Your name and email address were configured automatically based
on your username and hostname. Please check that they are accurate.
You can suppress this message by setting them explicitly. Run the
following command and follow the instructions in your editor to edit
your configuration file:

    git config --global --edit

After doing this, you may fix the identity used for this commit with:

    git commit --amend --reset-author

 1 file changed, 0 insertions(+), 0 deletions(-)
 create mode 100644 index.html
arieltaveras@Ariels-MBP ColorChangingText % git status
On branch main
nothing to commit, working tree clean
arieltaveras@Ariels-MBP ColorChangingText % git log
commit e2b226b302c16009f7f250ed8babd4bc9d9d4839 (HEAD -> main)
Author: Ariel Taveras <arieltaveras@ariels-mbp.mynetworksettings.com>
Date:   Wed Apr 19 11:09:45 2023 -0400

    create index.html
arieltaveras@Ariels-MBP ColorChangingText % clear

arieltaveras@Ariels-MBP ColorChangingText % git status
On branch main
Changes not staged for commit:
  (use "git add <file>..." to update what will be committed)
  (use "git restore <file>..." to discard changes in working directory)
	modified:   index.html

no changes added to commit (use "git add" and/or "git commit -a")
arieltaveras@Ariels-MBP ColorChangingText % git add .         
arieltaveras@Ariels-MBP ColorChangingText % git status
On branch main
Changes to be committed:
  (use "git restore --staged <file>..." to unstage)
	modified:   index.html

arieltaveras@Ariels-MBP ColorChangingText % git commit -m "add basic html skeleton"
[main 4fdec7f] add basic html skeleton
 Committer: Ariel Taveras <arieltaveras@ariels-mbp.mynetworksettings.com>
Your name and email address were configured automatically based
on your username and hostname. Please check that they are accurate.
You can suppress this message by setting them explicitly. Run the
following command and follow the instructions in your editor to edit
your configuration file:

    git config --global --edit

After doing this, you may fix the identity used for this commit with:

    git commit --amend --reset-author

 1 file changed, 17 insertions(+)
arieltaveras@Ariels-MBP ColorChangingText % git status
On branch main
nothing to commit, working tree clean
arieltaveras@Ariels-MBP ColorChangingText % touchls
zsh: command not found: touchls
arieltaveras@Ariels-MBP ColorChangingText % ls
app.js		index.html
arieltaveras@Ariels-MBP ColorChangingText % git status
On branch main
Untracked files:
  (use "git add <file>..." to include in what will be committed)
	app.js

nothing added to commit but untracked files present (use "git add" to track)
arieltaveras@Ariels-MBP ColorChangingText % git status
On branch main
Untracked files:
  (use "git add <file>..." to include in what will be committed)
	app.js

nothing added to commit but untracked files present (use "git add" to track)
arieltaveras@Ariels-MBP ColorChangingText % git add app.js
arieltaveras@Ariels-MBP ColorChangingText % gut status
zsh: command not found: gut
arieltaveras@Ariels-MBP ColorChangingText % git status
On branch main
Changes to be committed:
  (use "git restore --staged <file>..." to unstage)
	new file:   app.js

arieltaveras@Ariels-MBP ColorChangingText % git status
On branch main
Changes to be committed:
  (use "git restore --staged <file>..." to unstage)
	new file:   app.js

Changes not staged for commit:
  (use "git add <file>..." to update what will be committed)
  (use "git restore <file>..." to discard changes in working directory)
	modified:   app.js
	modified:   index.html

arieltaveras@Ariels-MBP ColorChangingText % git add app.js
arieltaveras@Ariels-MBP ColorChangingText % git sttus
git: 'sttus' is not a git command. See 'git --help'.

The most similar command is
	status
arieltaveras@Ariels-MBP ColorChangingText % git status
On branch main
Changes to be committed:
  (use "git restore --staged <file>..." to unstage)
	new file:   app.js

Changes not staged for commit:
  (use "git add <file>..." to update what will be committed)
  (use "git restore <file>..." to discard changes in working directory)
	modified:   index.html

arieltaveras@Ariels-MBP ColorChangingText % git status
On branch main
Changes to be committed:
  (use "git restore --staged <file>..." to unstage)
	new file:   app.js

Changes not staged for commit:
  (use "git add <file>..." to update what will be committed)
  (use "git restore <file>..." to discard changes in working directory)
	modified:   app.js
	modified:   index.html

arieltaveras@Ariels-MBP ColorChangingText % git add index.html
arieltaveras@Ariels-MBP ColorChangingText % git status
On branch main
Changes to be committed:
  (use "git restore --staged <file>..." to unstage)
	new file:   app.js
	modified:   index.html

Changes not staged for commit:
  (use "git add <file>..." to update what will be committed)
  (use "git restore <file>..." to discard changes in working directory)
	modified:   app.js

arieltaveras@Ariels-MBP ColorChangingText % git commit -m "add v1 of color script
dquote> git status
dquote> "                 
[main 0b7e3b2] add v1 of color script git status
 Committer: Ariel Taveras <arieltaveras@ariels-mbp.mynetworksettings.com>
Your name and email address were configured automatically based
on your username and hostname. Please check that they are accurate.
You can suppress this message by setting them explicitly. Run the
following command and follow the instructions in your editor to edit
your configuration file:

    git config --global --edit

After doing this, you may fix the identity used for this commit with:

    git commit --amend --reset-author

 2 files changed, 21 insertions(+), 6 deletions(-)
 create mode 100644 app.js
arieltaveras@Ariels-MBP ColorChangingText % git log
commit 0b7e3b2f36d20138faa50911a655ad119626ebae (HEAD -> main)
Author: Ariel Taveras <arieltaveras@ariels-mbp.mynetworksettings.com>
Date:   Wed Apr 19 11:32:09 2023 -0400

    add v1 of color script
    git status

commit 4fdec7f331842a881f43166adcbbec5bae13a392
Author: Ariel Taveras <arieltaveras@ariels-mbp.mynetworksettings.com>
Date:   Wed Apr 19 11:17:32 2023 -0400

    add basic html skeleton

commit e2b226b302c16009f7f250ed8babd4bc9d9d4839
Author: Ariel Taveras <arieltaveras@ariels-mbp.mynetworksettings.com>
Date:   Wed Apr 19 11:09:45 2023 -0400

    create index.html
arieltaveras@Ariels-MBP ColorChangingText % clear

arieltaveras@Ariels-MBP ColorChangingText % git status
On branch main
Changes not staged for commit:
  (use "git add <file>..." to update what will be committed)
  (use "git restore <file>..." to discard changes in working directory)
	modified:   app.js

no changes added to commit (use "git add" and/or "git commit -a")
arieltaveras@Ariels-MBP ColorChangingText % git diff
diff --git a/app.js b/app.js
index 867533e..f99b2f2 100644
--- a/app.js
+++ b/app.js
@@ -1,7 +1,7 @@
 function randomRGB(){
-const r = Msth.floor(Math.random() * 256);
-const g = Msth.floor(Math.random() * 256);
-const b = Msth.floor(Math.random() * 256);
+const r = Math.floor(Math.random() * 256);
+const g = Math.floor(Math.random() * 256);
+const b = Math.floor(Math.random() * 256);
 return `rgb(${r},${g},${b})`
 }
 
@@ -10,4 +10,4 @@ const interValid = setInterval(function () {
     for (let letter of letters) {
         letter.style.color = randomRGB();
     }
-}, 2000);
\ No newline at end of file
+}, 1000);
\ No newline at end of file
arieltaveras@Ariels-MBP ColorChangingText % git status
On branch main
Changes not staged for commit:
  (use "git add <file>..." to update what will be committed)
  (use "git restore <file>..." to discard changes in working directory)
	modified:   app.js
	modified:   index.html

no changes added to commit (use "git add" and/or "git commit -a")
arieltaveras@Ariels-MBP ColorChangingText % git diff
diff --git a/app.js b/app.js
index 867533e..f99b2f2 100644
--- a/app.js
+++ b/app.js
@@ -1,7 +1,7 @@
 function randomRGB(){
-const r = Msth.floor(Math.random() * 256);
-const g = Msth.floor(Math.random() * 256);
-const b = Msth.floor(Math.random() * 256);
+const r = Math.floor(Math.random() * 256);
+const g = Math.floor(Math.random() * 256);
+const b = Math.floor(Math.random() * 256);
 return `rgb(${r},${g},${b})`
 }
 
@@ -10,4 +10,4 @@ const interValid = setInterval(function () {
     for (let letter of letters) {
         letter.style.color = randomRGB();
     }
-}, 2000);
\ No newline at end of file
+}, 1000);
\ No newline at end of file
 ESCOD
























diff --git a/app.js b/app.js
index 867533e..f99b2f2 100644
--- a/app.js
+++ b/app.js
@@ -1,7 +1,7 @@
 function randomRGB(){
-const r = Msth.floor(Math.random() * 256);
-const g = Msth.floor(Math.random() * 256);
-const b = Msth.floor(Math.random() * 256);
+const r = Math.floor(Math.random() * 256);
+const g = Math.floor(Math.random() * 256);
+const b = Math.floor(Math.random() * 256);
+const b = Math.floor(Math.random() * 256);
 return `rgb(${r},${g},${b})`
 }
 
@@ -10,4 +10,4 @@ const interValid = setInterval(function () {
     for (let letter of letters) {
         letter.style.color = randomRGB();
     }
-}, 2000);
\ No newline at end of file
+}, 1000);
\ No newline at end of file
diff --git a/index.html b/index.html
index 08c3837..ffeacd9 100644
--- a/index.html
+++ b/index.html
@@ -13,6 +13,7 @@
         <span class="letter">L</span>
         <span class="letter">L</span>
         <span class="letter">O</span>
+        <span class="letter">!</span>
     </h1>
     <script src="app.js"></script>
 </body>
(END)
 return `rgb(${r},${g},${b})`
 }
 
@@ -10,4 +10,4 @@ const interValid = setInterval(function () {
     for (let letter of letters) {
         letter.style.color = randomRGB();
     }
-}, 2000);
\ No newline at end of file
+}, 1000);
\ No newline at end of file
diff --git a/index.html b/index.html
index 08c3837..ffeacd9 100644
--- a/index.html
+++ b/index.html
@@ -13,6 +13,7 @@
         <span class="letter">L</span>
         <span class="letter">L</span>
         <span class="letter">O</span>
+        <span class="letter">!</span>
     </h1>
     <script src="app.js"></script>
 </body>
(END)

























 return `rgb(${r},${g},${b})`
 }
 
@@ -10,4 +10,4 @@ const interValid = setInterval(function () {
     for (let letter of letters) {
         letter.style.color = randomRGB();
     }
-}, 2000);
\ No newline at end of file
+}, 1000);
\ No newline at end of file
diff --git a/index.html b/index.html
index 08c3837..ffeacd9 100644
--- a/index.html
+++ b/index.html
@@ -13,6 +13,7 @@
         <span class="letter">L</span>
         <span class="letter">L</span>
         <span class="letter">O</span>
+        <span class="letter">!</span>
     </h1>
     <script src="app.js"></script>
 </body>
(END)

























 return `rgb(${r},${g},${b})`
 }
 
@@ -10,4 +10,4 @@ const interValid = setInterval(function () {
     for (let letter of letters) {
         letter.style.color = randomRGB();
     }
-}, 2000);
\ No newline at end of file
+}, 1000);
\ No newline at end of file
diff --git a/index.html b/index.html
index 08c3837..ffeacd9 100644
--- a/index.html
+++ b/index.html
@@ -13,6 +13,7 @@
         <span class="letter">L</span>
         <span class="letter">L</span>
         <span class="letter">O</span>
+        <span class="letter">!</span>
     </h1>
     <script src="app.js"></script>
 </body>
~
(END)
























 return `rgb(${r},${g},${b})`
 }
 
@@ -10,4 +10,4 @@ const interValid = setInterval(function () {
     for (let letter of letters) {
         letter.style.color = randomRGB();
     }
-}, 2000);
\ No newline at end of file
+}, 1000);
\ No newline at end of file
diff --git a/index.html b/index.html
index 08c3837..ffeacd9 100644
--- a/index.html
+++ b/index.html
@@ -13,6 +13,7 @@
         <span class="letter">L</span>
         <span class="letter">L</span>
         <span class="letter">O</span>
+        <span class="letter">!</span>
     </h1>
     <script src="app.js"></script>
 </body>
~
~
~
(END)






















 return `rgb(${r},${g},${b})`
 }
 
@@ -10,4 +10,4 @@ const interValid = setInterval(function () {
     for (let letter of letters) {
         letter.style.color = randomRGB();
     }
-}, 2000);
\ No newline at end of file
+}, 1000);
\ No newline at end of file
diff --git a/index.html b/index.html
index 08c3837..ffeacd9 100644
--- a/index.html
+++ b/index.html
@@ -13,6 +13,7 @@
         <span class="letter">L</span>
         <span class="letter">L</span>
         <span class="letter">O</span>
+        <span class="letter">!</span>
     </h1>
     <script src="app.js"></script>
 </body>
~
~
~
~
~
(END)




















 return `rgb(${r},${g},${b})`
 }
 
@@ -10,4 +10,4 @@ const interValid = setInterval(function () {
     for (let letter of letters) {
         letter.style.color = randomRGB();
     }
-}, 2000);
\ No newline at end of file
+}, 1000);
\ No newline at end of file
diff --git a/index.html b/index.html
index 08c3837..ffeacd9 100644
--- a/index.html
+++ b/index.html
@@ -13,6 +13,7 @@
         <span class="letter">L</span>
         <span class="letter">L</span>
         <span class="letter">O</span>
+        <span class="letter">!</span>
     </h1>
     <script src="app.js"></script>
 </body>
~
~
~
~
~
~
~
~
(END)

















 return `rgb(${r},${g},${b})`
 }
 
@@ -10,4 +10,4 @@ const interValid = setInterval(function () {
     for (let letter of letters) {
         letter.style.color = randomRGB();
     }
-}, 2000);
\ No newline at end of file
+}, 1000);
\ No newline at end of file
diff --git a/index.html b/index.html
index 08c3837..ffeacd9 100644
--- a/index.html
+++ b/index.html
@@ -13,6 +13,7 @@
         <span class="letter">L</span>
         <span class="letter">L</span>
         <span class="letter">O</span>
+        <span class="letter">!</span>
     </h1>
     <script src="app.js"></script>
 </body>
~
~
~
~
~
~
~
~
~
~
(END)















 return `rgb(${r},${g},${b})`
 }
 
@@ -10,4 +10,4 @@ const interValid = setInterval(function () {
     for (let letter of letters) {
         letter.style.color = randomRGB();
     }
-}, 2000);
\ No newline at end of file
+}, 1000);
\ No newline at end of file
diff --git a/index.html b/index.html
index 08c3837..ffeacd9 100644
--- a/index.html
+++ b/index.html
@@ -13,6 +13,7 @@
         <span class="letter">L</span>
         <span class="letter">L</span>
         <span class="letter">O</span>
+        <span class="letter">!</span>
     </h1>
     <script src="app.js"></script>
 </body>
~
~
~
~
~
~
~
~
~
~
~
~
~
(END)












 return `rgb(${r},${g},${b})`
 }
 
@@ -10,4 +10,4 @@ const interValid = setInterval(function () {
     for (let letter of letters) {
         letter.style.color = randomRGB();
     }
-}, 2000);
\ No newline at end of file
+}, 1000);
\ No newline at end of file
diff --git a/index.html b/index.html
index 08c3837..ffeacd9 100644
--- a/index.html
+++ b/index.html
@@ -13,6 +13,7 @@
         <span class="letter">L</span>
         <span class="letter">L</span>
         <span class="letter">O</span>
+        <span class="letter">!</span>
     </h1>
     <script src="app.js"></script>
 </body>
~
~
~
~
~
~
~
~
~
~
~
~
~
~
~
~
(END)









 return `rgb(${r},${g},${b})`
 }
 
@@ -10,4 +10,4 @@ const interValid = setInterval(function () {
     for (let letter of letters) {
         letter.style.color = randomRGB();
     }
-}, 2000);
\ No newline at end of file
+}, 1000);
\ No newline at end of file
diff --git a/index.html b/index.html
index 08c3837..ffeacd9 100644
--- a/index.html
+++ b/index.html
@@ -13,6 +13,7 @@
         <span class="letter">L</span>
         <span class="letter">L</span>
         <span class="letter">O</span>
+        <span class="letter">!</span>
     </h1>
     <script src="app.js"></script>
 </body>
~
~
~
~
~
~
~
~
~
~
~
~
~
~
~
~
~
~
~
(END)






 return `rgb(${r},${g},${b})`
 }
 
@@ -10,4 +10,4 @@ const interValid = setInterval(function () {
     for (let letter of letters) {
         letter.style.color = randomRGB();
     }
-}, 2000);
\ No newline at end of file
+}, 1000);
\ No newline at end of file
diff --git a/index.html b/index.html
index 08c3837..ffeacd9 100644
--- a/index.html
+++ b/index.html
@@ -13,6 +13,7 @@
         <span class="letter">L</span>
         <span class="letter">L</span>
         <span class="letter">O</span>
+        <span class="letter">!</span>
     </h1>
     <script src="app.js"></script>
 </body>
~
~
~
~
~
~
~
~
~
~
~
~
~
~
~
~
~
~
~
~
~
(END)




 return `rgb(${r},${g},${b})`
 }
 
@@ -10,4 +10,4 @@ const interValid = setInterval(function () {
     for (let letter of letters) {
         letter.style.color = randomRGB();
     }
-}, 2000);
\ No newline at end of file
+}, 1000);
\ No newline at end of file
diff --git a/index.html b/index.html
index 08c3837..ffeacd9 100644
--- a/index.html
+++ b/index.html
@@ -13,6 +13,7 @@
         <span class="letter">L</span>
         <span class="letter">L</span>
         <span class="letter">O</span>
+        <span class="letter">!</span>
     </h1>
     <script src="app.js"></script>
 </body>
~
~
~
~
~
~
~
~
~
~
~
~
~
~
~
~
~
~
~
~
~
~
~
(END)


 return `rgb(${r},${g},${b})`
 }
 
@@ -10,4 +10,4 @@ const interValid = setInterval(function () {
     for (let letter of letters) {
         letter.style.color = randomRGB();
     }
-}, 2000);
\ No newline at end of file
+}, 1000);
\ No newline at end of file
diff --git a/index.html b/index.html
index 08c3837..ffeacd9 100644
--- a/index.html
+++ b/index.html
@@ -13,6 +13,7 @@
         <span class="letter">L</span>
         <span class="letter">L</span>
         <span class="letter">O</span>
+        <span class="letter">!</span>
     </h1>
     <script src="app.js"></script>
 </body>
~
~
~
~
~
~
~
~
~
~
~
~
~
~
~
~
~
~
~
~
~
~
~
~
(END)

 return `rgb(${r},${g},${b})`
 }
 
@@ -10,4 +10,4 @@ const interValid = setInterval(function () {
     for (let letter of letters) {
         letter.style.color = randomRGB();
     }
-}, 2000);
\ No newline at end of file
+}, 1000);
\ No newline at end of file
diff --git a/index.html b/index.html
index 08c3837..ffeacd9 100644
--- a/index.html
+++ b/index.html
@@ -13,6 +13,7 @@
         <span class="letter">L</span>
         <span class="letter">L</span>
         <span class="letter">O</span>
+        <span class="letter">!</span>
     </h1>
     <script src="app.js"></script>
 </body>
~
~
~
~
~
~
~
~
~
~
~
~
~
~
~
~
~
~
~
~
~
~
~
~
~
arieltaveras@Ariels-MBP ColorChangingText % git staus
git: 'staus' is not a git command. See 'git --help'.

The most similar command is
	status
arieltaveras@Ariels-MBP ColorChangingText % git status
On branch main
Changes not staged for commit:
  (use "git add <file>..." to update what will be committed)
  (use "git restore <file>..." to discard changes in working directory)
	modified:   app.js
	modified:   index.html

no changes added to commit (use "git add" and/or "git commit -a")
arieltaveras@Ariels-MBP ColorChangingText % git commit -m "sdjksdkfsd"
On branch main
Changes not staged for commit:
  (use "git add <file>..." to update what will be committed)
  (use "git restore <file>..." to discard changes in working directory)
	modified:   app.js
	modified:   index.html

no changes added to commit (use "git add" and/or "git commit -a")
arieltaveras@Ariels-MBP ColorChangingText % git  log
commit 0b7e3b2f36d20138faa50911a655ad119626ebae (HEAD -> main)
Author: Ariel Taveras <arieltaveras@ariels-mbp.mynetworksettings.com>
Date:   Wed Apr 19 11:32:09 2023 -0400

    add v1 of color script
    git status

commit 4fdec7f331842a881f43166adcbbec5bae13a392
Author: Ariel Taveras <arieltaveras@ariels-mbp.mynetworksettings.com>
Date:   Wed Apr 19 11:17:32 2023 -0400

    add basic html skeleton

commit e2b226b302c16009f7f250ed8babd4bc9d9d4839
Author: Ariel Taveras <arieltaveras@ariels-mbp.mynetworksettings.com>
Date:   Wed Apr 19 11:09:45 2023 -0400

    create index.html
arieltaveras@Ariels-MBP ColorChangingText % ls -a
.		..		.git		app.js		index.html
arieltaveras@Ariels-MBP ColorChangingText % touch GitBasics.txt
arieltaveras@Ariels-MBP ColorChangingText % clear

arieltaveras@Ariels-MBP ColorChangingText % cd ..
arieltaveras@Ariels-MBP GitDemo % touch ***learn_git_again***
zsh: no matches found: ***learn_git_again***
arieltaveras@Ariels-MBP GitDemo % mkdir ***learn_git_again***
zsh: no matches found: ***learn_git_again***
arieltaveras@Ariels-MBP GitDemo % mkdir learn_git_again
arieltaveras@Ariels-MBP GitDemo % cd learn_git_again
arieltaveras@Ariels-MBP learn_git_again % touch third.txt
arieltaveras@Ariels-MBP learn_git_again % git init
Initialized empty Git repository in /Users/arieltaveras/Desktop/GitDemo/learn_git_again/.git/
arieltaveras@Ariels-MBP learn_git_again % git add third.txt
arieltaveras@Ariels-MBP learn_git_again % git commit -m "adding third.txt"
[main (root-commit) 591b763] adding third.txt
 Committer: Ariel Taveras <arieltaveras@ariels-mbp.mynetworksettings.com>
Your name and email address were configured automatically based
on your username and hostname. Please check that they are accurate.
You can suppress this message by setting them explicitly. Run the
following command and follow the instructions in your editor to edit
your configuration file:

    git config --global --edit

After doing this, you may fix the identity used for this commit with:

    git commit --amend --reset-author

 1 file changed, 0 insertions(+), 0 deletions(-)
 create mode 100644 third.txt
arieltaveras@Ariels-MBP learn_git_again % git log
commit 591b7637d72fbbb3ffacd5ca503c542567623976 (HEAD -> main)
Author: Ariel Taveras <arieltaveras@ariels-mbp.mynetworksettings.com>
Date:   Wed Apr 19 11:45:30 2023 -0400

    adding third.txt
arieltaveras@Ariels-MBP learn_git_again % touch fouth.txt
arieltaveras@Ariels-MBP learn_git_again % rm third.txt
arieltaveras@Ariels-MBP learn_git_again % git add third.txt
arieltaveras@Ariels-MBP learn_git_again % git commit -m "removing third.txt"
[main a38f9e1] removing third.txt
 Committer: Ariel Taveras <arieltaveras@ariels-mbp.mynetworksettings.com>
Your name and email address were configured automatically based
on your username and hostname. Please check that they are accurate.
You can suppress this message by setting them explicitly. Run the
following command and follow the instructions in your editor to edit
your configuration file:

    git config --global --edit

After doing this, you may fix the identity used for this commit with:

    git commit --amend --reset-author

 1 file changed, 0 insertions(+), 0 deletions(-)
 delete mode 100644 third.txt
arieltaveras@Ariels-MBP learn_git_again % git log
commit a38f9e1b8bd14dccf3d7de41aa34d1436ade06f3 (HEAD -> main)
Author: Ariel Taveras <arieltaveras@ariels-mbp.mynetworksettings.com>
Date:   Wed Apr 19 11:48:27 2023 -0400

    removing third.txt

commit 591b7637d72fbbb3ffacd5ca503c542567623976
Author: Ariel Taveras <arieltaveras@ariels-mbp.mynetworksettings.com>
Date:   Wed Apr 19 11:45:30 2023 -0400

    adding third.txt
arieltaveras@Ariels-MBP learn_git_again % git config core.pager=cat
error: invalid key: core.pager=cat
arieltaveras@Ariels-MBP learn_git_again % git config --global core.pager=cat
error: invalid key: core.pager=cat
arieltaveras@Ariels-MBP learn_git_again % git config --global core.pager cat
arieltaveras@Ariels-MBP learn_git_again % git config --global
usage: git config [<options>]

Config file location
    --global              use global config file
    --system              use system config file
    --local               use repository config file
    --worktree            use per-worktree config file
    -f, --file <file>     use given config file
    --blob <blob-id>      read config from given blob object

Action
    --get                 get value: name [value-pattern]
    --get-all             get all values: key [value-pattern]
    --get-regexp          get values for regexp: name-regex [value-pattern]
    --get-urlmatch        get value specific for the URL: section[.var] URL
    --replace-all         replace all matching variables: name value [value-pattern]
    --add                 add a new variable: name value
    --unset               remove a variable: name [value-pattern]
    --unset-all           remove all matches: name [value-pattern]
    --rename-section      rename section: old-name new-name
    --remove-section      remove a section: name
    -l, --list            list all
    --fixed-value         use string equality when comparing values to 'value-pattern'
    -e, --edit            open an editor
    --get-color           find the color configured: slot [default]
    --get-colorbool       find the color setting: slot [stdout-is-tty]

Type


arieltaveras@Ariels-MBP learn_git_again % git config -l
credential.helper=osxkeychain
init.defaultbranch=main
core.pager=cat
core.repositoryformatversion=0
core.filemode=true
core.bare=false
core.logallrefupdates=true
core.ignorecase=true
core.precomposeunicode=true
arieltaveras@Ariels-MBP learn_git_again % git config -list
error: did you mean `--list` (with two dashes)?
arieltaveras@Ariels-MBP learn_git_again % git config --list
credential.helper=osxkeychain
init.defaultbranch=main
core.pager=cat
core.repositoryformatversion=0
core.filemode=true
core.bare=false
core.logallrefupdates=true
core.ignorecase=true
core.precomposeunicode=true
arieltaveras@Ariels-MBP learn_git_again % 
